=== HOME CLEANUP PHASE 2 — 2026-05-29T13:15:43-04:00 ===

--- BEFORE: HOME DIRECTORY ---
archive-home-20260529
backup_cleanup_20260425_003038
check-system.desktop
docker
midnightrider-navigation
__pycache__
regatta
signalk-dashboard-backup.html
signalk-dashboard.html
signalk-dashboard-v2.1.html
signalk-dashboard-v2.html
signalk-dashboard-v3-tcp.html
signalk-dashboard-v4-ipad.html
signalk-docker
signalk-plugins-backup
signalk-um982-gnss
signalk-wave-height-imu
signalk-wit-imu-usb
signalk-wit-usb
wit-imu-ble-production.tar.gz
witmotion_ble

--- ARCHIVE OLD SK/SIGNALK DIRECTORIES ---
ARCHIVED DIR: signalk-docker
ARCHIVED DIR: signalk-plugins-backup
ARCHIVED DIR: signalk-um982-gnss
ARCHIVED DIR: signalk-wave-height-imu
ARCHIVED DIR: signalk-wit-imu-usb
ARCHIVED DIR: signalk-wit-usb
ARCHIVED DIR: backup_cleanup_20260425_003038

--- ARCHIVE HTML FILES ---
ARCHIVED: signalk-dashboard-backup.html
ARCHIVED: signalk-dashboard.html
ARCHIVED: signalk-dashboard-v2.1.html
ARCHIVED: signalk-dashboard-v2.html
ARCHIVED: signalk-dashboard-v3-tcp.html
ARCHIVED: signalk-dashboard-v4-ipad.html

--- ARCHIVE docker DIRECTORY ---
ARCHIVED: docker/

--- CLEAN pycache ---
Removed __pycache__

--- AFTER: HOME DIRECTORY ---
archive-home-20260529
check-system.desktop
midnightrider-navigation
regatta
wit-imu-ble-production.tar.gz
witmotion_ble

=== PHASE 2 CLEANUP COMPLETE ===
