=== POST-REBOOT VERIFICATION — 2026-05-29T14:14:57-04:00 ===

✅ SERVICES STATUS:
calypso_direct: active
wit-ble-direct: active
signalk: active
monitor-resources: activating
unknown
midnightrider-portal: active
midnight-logs-commit: inactive
unknown
avahi-mdns-fix: active

✅ RUNNING CORE PROCESSES:
aneto       1210  1.5  0.3  49684 29808 ?        Ss   13:25   0:46 /usr/bin/python3 /home/aneto/midnightrider-navigation/ble/calypso_direct.py
aneto      40026 44.1  4.4 10419768 356968 ?     Ssl  14:14   0:16 node /usr/bin/signalk-server
aneto      40431  6.6  0.4  54036 36920 ?        Ss   14:14   0:00 /usr/bin/python3 /home/aneto/midnightrider-navigation/ble/wit-ble-direct.py

✅ BLE DEVICES:
Devices:
	hci0	D8:3A:DD:F1:26:B7

✅ PORTS (3000, 8888, 4123):
LISTEN 0      5            0.0.0.0:8888       0.0.0.0:*    users:(("python3",pid=2537,fd=3))         
LISTEN 0      511                *:3000             *:*    users:(("MainThread",pid=40026,fd=32))    
LISTEN 0      511                *:10110            *:*    users:(("MainThread",pid=40026,fd=21))    

✅ SIGNAL K ATTITUDE:
querying...

=== POST-REBOOT COMPLETE ===
All systems nominal. Ready for race deployment.
