=== WIT REAL FIX — 2026-05-29T14:26:58-04:00 ===
Fixes: sys.exit removed, write delayed, disconnect detection added
FIX 1: Searching for actual pattern...
FIX 1 applied (regex): sys.exit(1) removed ✅
FIX 2 applied: 5s delay after ENABLE_QUATERNION write ✅
FIX 3 applied: while client.is_connected ✅
wit-ble-direct.py saved ✅
SYNTAX ERROR

--- RESTART SERVICE ---

--- RESTART SERVICE ---
active

--- WAITING 90s FOR BLE + QUATERNION CONFIG + DATA ---

--- DATA_OUT COUNT (must be >> 3) ---
3

--- LAST 5 LOG ENTRIES ---
[2026-05-29T14:27:31] [WARNING] [wit-ble-direct] [L1] Connection failed (1): [org.bluez.Error.Failed] le-connection-abort-by-local
[2026-05-29T14:27:31] [INFO] [wit-ble-direct] [L1] Reconnecting in 10s...
[2026-05-29T14:27:42] [WARNING] [wit-ble-direct] [L1] Connection failed (2): [org.bluez.Error.Failed] le-connection-abort-by-local
[2026-05-29T14:27:42] [INFO] [wit-ble-direct] [L1] Reconnecting in 20s...
[2026-05-29T14:28:04] [INFO] [wit-ble-direct] [BLE_CONNECT] Connected to E9:10:DB:8B:CE:C7
[2026-05-29T14:28:09] [INFO] [wit-ble-direct] [BLE_NOTIFY] Notifications started
[2026-05-29T14:28:39] [WARNING] [wit-ble-direct] [L1] Connection failed (1): No powered Bluetooth adapters found.
[2026-05-29T14:28:39] [INFO] [wit-ble-direct] [L1] Reconnecting in 10s...
[2026-05-29T14:28:51] [INFO] [wit-ble-direct] [BLE_CONNECT] Connected to E9:10:DB:8B:CE:C7
[2026-05-29T14:28:56] [INFO] [wit-ble-direct] [BLE_NOTIFY] Notifications started

--- SK ATTITUDE TIMESTAMP ---
ts: 2026-05-29T18:15:03Z | src: Calypso.XX

=== FIX COMPLETE ===
