=== WIT CODE COMMIT CHECK — 2026-05-29T18:05:16-04:00 ===

--- git status: are there uncommitted WIT changes? ---
On branch main
Your branch is up to date with 'origin/main'.

nothing to commit, working tree clean

--- Current WIT log (last 10 lines) ---
[2026-05-29T17:54:17] [INFO] [wit-ble-direct] [L1] Reconnecting in 10s...
[2026-05-29T17:54:37] [WARNING] [wit-ble-direct] [L1] Connection failed (2): Device with address E9:10:DB:8B:CE:C7 was not found.
[2026-05-29T17:54:37] [INFO] [wit-ble-direct] [L1] Reconnecting in 20s...
[2026-05-29T17:55:07] [WARNING] [wit-ble-direct] [L1] Connection failed (3): Device with address E9:10:DB:8B:CE:C7 was not found.
[2026-05-29T17:55:07] [INFO] [wit-ble-direct] [L1] Reconnecting in 40s...
[2026-05-29T17:55:57] [WARNING] [wit-ble-direct] [L1] Connection failed (4): Device with address E9:10:DB:8B:CE:C7 was not found.
[2026-05-29T17:55:57] [INFO] [wit-ble-direct] [L1] Reconnecting in 60s...
[2026-05-29T17:57:08] [WARNING] [wit-ble-direct] [L1] Connection failed (5): Device with address E9:10:DB:8B:CE:C7 was not found.
[2026-05-29T17:57:08] [WARNING] [wit-ble-direct] [L2] 5 failures ≥ threshold 5 — exiting cleanly
[2026-05-29T17:57:08] [WARNING] [wit-ble-direct] [L2] systemd Restart=on-failure will handle restart

--- WIT device visible in BLE scan? ---
Scanning BLE devices (5s)...
Found 38 devices:
  43:23:D6:84:6A:5C 43-23-D6-84-6A-5C rssi=-62
  7F:A6:E3:42:B5:6D 7F-A6-E3-42-B5-6D rssi=-62
  61:E8:3A:19:B7:45 61-E8-3A-19-B7-45 rssi=-81
  D0:3F:27:68:8C:71 WL_SC3 rssi=-75
  00:7C:2D:BD:FD:6D 00-7C-2D-BD-FD-6D rssi=-70
  6A:70:EE:94:68:5B 6A-70-EE-94-68-5B rssi=-90
  23:70:36:CA:83:DE 23-70-36-CA-83-DE rssi=-80
  7D:56:55:70:6D:E2 7D-56-55-70-6D-E2 rssi=-85
  3E:40:33:95:21:C3 3E-40-33-95-21-C3 rssi=-64
  7E:AB:73:B6:1F:58 7E-AB-73-B6-1F-58 rssi=-73
  77:4A:5E:5B:E6:4B 77-4A-5E-5B-E6-4B rssi=-82
  4C:57:39:ED:F5:8D 4C-57-39-ED-F5-8D rssi=-73
  23:29:C2:02:DC:99 23-29-C2-02-DC-99 rssi=-62
  53:88:A4:9B:E1:E0 53-88-A4-9B-E1-E0 rssi=-78
  58:2F:E1:48:A9:13 58-2F-E1-48-A9-13 rssi=-77
  4F:29:39:D9:D4:19 4F-29-39-D9-D4-19 rssi=-79
  49:FA:F2:B7:3C:3D 49-FA-F2-B7-3C-3D rssi=-86
  52:CD:56:44:F7:89 52-CD-56-44-F7-89 rssi=-78
  59:54:D0:68:88:FF 59-54-D0-68-88-FF rssi=-81
  6E:59:D4:99:5A:41 6E-59-D4-99-5A-41 rssi=-82
  76:7D:0B:53:9F:D0 76-7D-0B-53-9F-D0 rssi=-85
  38:68:A4:A1:4C:97 [TV] Samsung 9 Series (75) rssi=-86
  FD:10:AF:E6:28:BA WBB5AP0858865 rssi=-74
  50:DE:06:7F:A7:2E 50-DE-06-7F-A7-2E rssi=-82
  4D:49:53:41:33:3D 4D-49-53-41-33-3D rssi=-85
  49:DC:D1:0B:43:E8 49-DC-D1-0B-43-E8 rssi=-83
  D0:BB:DB:DE:6F:80 D0-BB-DB-DE-6F-80 rssi=-80
  FE:0E:3D:1B:74:E5 FE-0E-3D-1B-74-E5 rssi=-82
  FF:4C:E5:C6:27:66 FF-4C-E5-C6-27-66 rssi=-83
  F3:33:BD:DF:29:62 S22 5A00 LE rssi=-87
  1F:13:A5:03:2B:68 1F-13-A5-03-2B-68 rssi=-80
  CC:A4:88:60:3D:15 CC-A4-88-60-3D-15 rssi=-72
  F3:33:86:B7:48:31 S18 DC44 LE rssi=-81
  4A:EA:62:7F:89:B9 4A-EA-62-7F-89-B9 rssi=-79
  C2:87:E1:EB:55:B1 C2-87-E1-EB-55-B1 rssi=-79
  C4:E0:23:8C:24:FB C4-E0-23-8C-24-FB rssi=-83
  F5:A3:EE:B7:3B:91 F5-A3-EE-B7-3B-91 rssi=-86
  6D:5E:CF:B9:CA:55 6D-5E-CF-B9-CA-55 rssi=-87
⚠️  WIT NOT FOUND (powered off? out of range? phone connected?)
