=== WIT STATUS CHECK — 2026-05-29T14:32:55-04:00 ===
--- Last 15 lines of WIT service log ---
[2026-05-29T14:27:29] [INFO] [wit-ble-direct] [STARTUP] MAC=E9:10:DB:8B:CE:C7 Rate=10Hz Mount=z/90.0°
[2026-05-29T14:27:31] [WARNING] [wit-ble-direct] [L1] Connection failed (1): [org.bluez.Error.Failed] le-connection-abort-by-local
[2026-05-29T14:27:31] [INFO] [wit-ble-direct] [L1] Reconnecting in 10s...
[2026-05-29T14:27:42] [WARNING] [wit-ble-direct] [L1] Connection failed (2): [org.bluez.Error.Failed] le-connection-abort-by-local
[2026-05-29T14:27:42] [INFO] [wit-ble-direct] [L1] Reconnecting in 20s...
[2026-05-29T14:28:04] [INFO] [wit-ble-direct] [BLE_CONNECT] Connected to E9:10:DB:8B:CE:C7
[2026-05-29T14:28:09] [INFO] [wit-ble-direct] [BLE_NOTIFY] Notifications started
[2026-05-29T14:28:39] [WARNING] [wit-ble-direct] [L1] Connection failed (1): No powered Bluetooth adapters found.
[2026-05-29T14:28:39] [INFO] [wit-ble-direct] [L1] Reconnecting in 10s...
[2026-05-29T14:28:51] [INFO] [wit-ble-direct] [BLE_CONNECT] Connected to E9:10:DB:8B:CE:C7
[2026-05-29T14:28:56] [INFO] [wit-ble-direct] [BLE_NOTIFY] Notifications started
[2026-05-29T14:32:29] [INFO] [wit-ble-direct] [HEARTBEAT] 0x71:0 0x61:0 SK:0 L1_fails:3
[2026-05-29T14:32:41] [WARNING] [wit-ble-direct] [L1] Connection failed (1): No powered Bluetooth adapters found.
[2026-05-29T14:32:41] [INFO] [wit-ble-direct] [L1] Reconnecting in 10s...
[2026-05-29T14:32:52] [INFO] [wit-ble-direct] [BLE_CONNECT] Connected to E9:10:DB:8B:CE:C7

--- DATA_OUT count ---
3

--- BLE connections ---
Connections:
	< LE E9:10:DB:8B:CE:C7 handle 64 state 1 lm CENTRAL 

--- SK attitude timestamp ---
ts: 2026-05-29T18:15:03Z | src: Calypso.XX
