=== WIT LIVE DEBUG — 2026-05-29T16:35:20-04:00 ===

--- 1. LAST 20 LINES WIT SERVICE LOG ---
[2026-05-29T15:46:01] [INFO] [wit-ble-direct] [HEARTBEAT] 0x71:0 0x61:0 SK:0 L1_fails:5
[2026-05-29T15:49:54] [INFO] [wit-ble-direct] [SHUTDOWN] Signal 15 received — shutting down
[2026-05-29T16:15:45] [INFO] [wit-ble-direct] [STARTUP] Singleton acquired (PID 131041)
[2026-05-29T16:15:45] [INFO] [wit-ble-direct] [STARTUP] Starting WIT BLE client
[2026-05-29T16:15:45] [INFO] [wit-ble-direct] [STARTUP] MAC=E9:10:DB:8B:CE:C7 Rate=10Hz Mount=z/90.0°
[2026-05-29T16:15:47] [INFO] [wit-ble-direct] [BLE_CONNECT] Connected to E9:10:DB:8B:CE:C7
[2026-05-29T16:15:47] [INFO] [wit-ble-direct] [BLE_SETUP] Sending RATE cmd (10Hz) to 0000ffe9-0000-1000-8000-00805f9a34fb
[2026-05-29T16:15:47] [INFO] [wit-ble-direct] [BLE_SETUP] RATE cmd sent — WIT stream starting
[2026-05-29T16:15:47] [INFO] [wit-ble-direct] [BLE_SETUP] Subscribing to notifications
[2026-05-29T16:15:49] [INFO] [wit-ble-direct] [BLE_NOTIFY] Notifications started
[2026-05-29T16:20:45] [INFO] [wit-ble-direct] [HEARTBEAT] 0x71:0 0x61:0 SK:0 L1_fails:0
[2026-05-29T16:25:45] [INFO] [wit-ble-direct] [HEARTBEAT] 0x71:0 0x61:0 SK:0 L1_fails:0
[2026-05-29T16:28:00] [WARNING] [wit-ble-direct] [L1] Connection failed (1): No powered Bluetooth adapters found.
[2026-05-29T16:28:00] [INFO] [wit-ble-direct] [L1] Reconnecting in 10s...
[2026-05-29T16:28:15] [INFO] [wit-ble-direct] [BLE_CONNECT] Connected to E9:10:DB:8B:CE:C7
[2026-05-29T16:28:15] [INFO] [wit-ble-direct] [BLE_SETUP] Sending RATE cmd (10Hz) to 0000ffe9-0000-1000-8000-00805f9a34fb
[2026-05-29T16:28:15] [INFO] [wit-ble-direct] [BLE_SETUP] RATE cmd sent — WIT stream starting
[2026-05-29T16:28:16] [INFO] [wit-ble-direct] [BLE_SETUP] Subscribing to notifications
[2026-05-29T16:28:16] [INFO] [wit-ble-direct] [BLE_NOTIFY] Notifications started
[2026-05-29T16:30:45] [INFO] [wit-ble-direct] [HEARTBEAT] 0x71:0 0x61:0 SK:0 L1_fails:1

--- 2. HEARTBEAT HISTORY (today) ---
[2026-05-29T15:11:22] [INFO] [wit-ble-direct] [HEARTBEAT] 0x71:0 0x61:0 SK:0 L1_fails:2
[2026-05-29T15:16:22] [INFO] [wit-ble-direct] [HEARTBEAT] 0x71:0 0x61:0 SK:0 L1_fails:4
[2026-05-29T15:21:39] [INFO] [wit-ble-direct] [HEARTBEAT] 0x71:0 0x61:0 SK:0 L1_fails:7
[2026-05-29T15:26:39] [INFO] [wit-ble-direct] [HEARTBEAT] 0x71:0 0x61:0 SK:0 L1_fails:8
[2026-05-29T15:34:53] [INFO] [wit-ble-direct] [HEARTBEAT] 0x71:0 0x61:0 SK:0 L1_fails:6
[2026-05-29T15:39:53] [INFO] [wit-ble-direct] [HEARTBEAT] 0x71:0 0x61:0 SK:0 L1_fails:8
[2026-05-29T15:46:01] [INFO] [wit-ble-direct] [HEARTBEAT] 0x71:0 0x61:0 SK:0 L1_fails:5
[2026-05-29T16:20:45] [INFO] [wit-ble-direct] [HEARTBEAT] 0x71:0 0x61:0 SK:0 L1_fails:0
[2026-05-29T16:25:45] [INFO] [wit-ble-direct] [HEARTBEAT] 0x71:0 0x61:0 SK:0 L1_fails:0
[2026-05-29T16:30:45] [INFO] [wit-ble-direct] [HEARTBEAT] 0x71:0 0x61:0 SK:0 L1_fails:1

--- 3. IS WIT CONNECTED RIGHT NOW? ---
Connections:
	< LE E9:10:DB:8B:CE:C7 handle 64 state 1 lm CENTRAL 
active

--- 4. UDP TEST: send manual delta and check if SK updates ---
Manual UDP sent: roll=0.999
Error: Expecting value: line 1 column 1 (char 0)

--- 5. DIRECT BLE SNIFF (20s) ---
BLE Error: BleakDeviceNotFoundError: Device with address E9:10:DB:8B:CE:C7 was not found.
