=== WIT PIPELINE DEBUG — 2026-05-29T15:29:11-04:00 ===
Testing each stage independently

══════════════════════════════════════════
STAGE 1 — BLE CONFLICTS
══════════════════════════════════════════
No competing processes
--- hci0 connections ---
Connections:
--- bluetoothctl connected ---
--- BLE adapter status ---
hci0:	Type: Primary  Bus: UART
	BD Address: D8:3A:DD:F1:26:B7  ACL MTU: 1021:8  SCO MTU: 64:1
	DOWN 
	RX bytes:12061605 acl:33628 sco:0 events:343293 errors:0
	TX bytes:104536 acl:116 sco:0 commands:3178 errors:0

══════════════════════════════════════════
STAGE 2 — WIT SERVICE CURRENT STATE
══════════════════════════════════════════
active
--- Recent logs (last 15 lines) ---
May 29 15:21:06 MidnightRider wit-ble-direct[76036]: [L1] Reconnecting in 10s...
May 29 15:21:17 MidnightRider wit-ble-direct[76036]: [L1] Connection failed (2): [org.bluez.Error.Failed] le-connection-abort-by-local
May 29 15:21:17 MidnightRider wit-ble-direct[76036]: [L1] Reconnecting in 20s...
May 29 15:21:39 MidnightRider wit-ble-direct[76036]: [BLE_CONNECT] Connected to E9:10:DB:8B:CE:C7
May 29 15:21:39 MidnightRider wit-ble-direct[76036]: [BLE_SETUP] Subscribing to WIT (quaternion mode from NVRAM)
May 29 15:21:39 MidnightRider wit-ble-direct[76036]: [BLE_NOTIFY] Notifications started
May 29 15:21:39 MidnightRider wit-ble-direct[76036]: [HEARTBEAT] 0x71:0 0x61:0 SK:0 L1_fails:7
May 29 15:25:09 MidnightRider wit-ble-direct[76036]: [L1] Connection failed (1): No powered Bluetooth adapters found.
May 29 15:25:09 MidnightRider wit-ble-direct[76036]: [L1] Reconnecting in 10s...
May 29 15:25:21 MidnightRider wit-ble-direct[76036]: [BLE_CONNECT] Connected to E9:10:DB:8B:CE:C7
May 29 15:25:21 MidnightRider wit-ble-direct[76036]: [BLE_SETUP] Subscribing to WIT (quaternion mode from NVRAM)
May 29 15:25:21 MidnightRider wit-ble-direct[76036]: [BLE_NOTIFY] Notifications started
May 29 15:26:39 MidnightRider wit-ble-direct[76036]: [HEARTBEAT] 0x71:0 0x61:0 SK:0 L1_fails:8
May 29 15:29:11 MidnightRider wit-ble-direct[76036]: [L1] Connection failed (1): No powered Bluetooth adapters found.
May 29 15:29:11 MidnightRider wit-ble-direct[76036]: [L1] Reconnecting in 10s...
══════════════════════════════════════════
--- Port 4123 listening? ---
UNCONN 0      0                                        0.0.0.0:4123       0.0.0.0:*    users:(("MainThread",pid=40026,fd=34))    

══════════════════════════════════════════
STAGE 4 — TEST UDP TO SK (manual send)
══════════════════════════════════════════
Sent 224 bytes to UDP:4123
--- SK attitude after test send ---
value: 0.123 | src: Calypso.XX

══════════════════════════════════════════
STAGE 5 — LIVE WIT BLE TEST (20 seconds)
══════════════════════════════════════════
Stopping wit-ble-direct temporarily...
Running direct BLE test...
Error: BleakDeviceNotFoundError: Device with address E9:10:DB:8B:CE:C7 was not found.

══════════════════════════════════════════
STAGE 6 — RESTART WIT SERVICE
══════════════════════════════════════════
active
--- Recent logs ---
[2026-05-29T15:26:39] [INFO] [wit-ble-direct] [HEARTBEAT] 0x71:0 0x61:0 SK:0 L1_fails:8
[2026-05-29T15:29:11] [WARNING] [wit-ble-direct] [L1] Connection failed (1): No powered Bluetooth adapters found.
[2026-05-29T15:29:11] [INFO] [wit-ble-direct] [L1] Reconnecting in 10s...
[2026-05-29T15:29:22] [INFO] [wit-ble-direct] [BLE_CONNECT] Connected to E9:10:DB:8B:CE:C7
[2026-05-29T15:29:22] [INFO] [wit-ble-direct] [BLE_SETUP] Subscribing to WIT (quaternion mode from NVRAM)
[2026-05-29T15:29:22] [INFO] [wit-ble-direct] [BLE_NOTIFY] Notifications started
[2026-05-29T15:29:29] [INFO] [wit-ble-direct] [SHUTDOWN] Signal 15 received — shutting down
[2026-05-29T15:29:53] [INFO] [wit-ble-direct] [STARTUP] Singleton acquired (PID 98169)
[2026-05-29T15:29:53] [INFO] [wit-ble-direct] [STARTUP] Starting WIT BLE client
[2026-05-29T15:29:53] [INFO] [wit-ble-direct] [STARTUP] MAC=E9:10:DB:8B:CE:C7 Rate=10Hz Mount=z/90.0°

=== PIPELINE DEBUG COMPLETE ===
