[2026-06-13T12:06:14.979] [DEBUG] [wit-ble-direct] [HEX_DUMP] raw=55 71 34 00 0F 00 27 FF E3 07 1E 00 0A 00 E9 FF D3 F8 F0 11
[2026-06-13T12:06:14.981] [DEBUG] [wit-ble-direct] [PACKET_MATCH] 0x71/0x34 register-read format decoded → sending motion
[2026-06-13T12:06:15.039] [DEBUG] [wit-ble-direct] [PACKET_TYPE] header=0x55 0x6F len=46 b2=0x0C
[2026-06-13T12:06:15.099] [DEBUG] [wit-ble-direct] [PACKET_TYPE] header=0x55 0x71 len=60 b2=0x51
[2026-06-13T12:06:15.099] [INFO] [wit-ble-direct] [DATA_OUT] Roll=0.7° Pitch=-5.9° Hdg=205.7°
[2026-06-13T12:06:15.100] [DEBUG] [wit-ble-direct] [HEX_DUMP] raw=55 71 51 00 A0 7C 70 F9 B9 00 97 E3 00 00 00 00 00 00 00 00
[2026-06-13T12:06:15.129] [DEBUG] [wit-ble-direct] [PACKET_TYPE] header=0x55 0x6F len=46 b2=0x0B
[2026-06-13T12:06:15.248] [DEBUG] [wit-ble-direct] [PACKET_TYPE] header=0x55 0x6F len=46 b2=0x07
[2026-06-13T12:06:15.278] [DEBUG] [wit-ble-direct] [PACKET_TYPE] header=0x55 0x71 len=20 b2=0x34
[2026-06-13T12:06:15.278] [DEBUG] [wit-ble-direct] [HEX_DUMP] raw=55 71 34 00 06 00 28 FF FF 07 1F 00 04 00 E3 FF DD F8 EC 11
[2026-06-13T12:06:15.279] [DEBUG] [wit-ble-direct] [PACKET_MATCH] 0x71/0x34 register-read format decoded → sending motion
[2026-06-13T12:06:15.341] [DEBUG] [wit-ble-direct] [PACKET_TYPE] header=0x55 0x71 len=66 b2=0x34
[2026-06-13T12:06:15.341] [DEBUG] [wit-ble-direct] [HEX_DUMP] raw=55 71 34 00 06 00 29 FF 01 08 1D 00 03 00 E2 FF D0 F8 88 11
[2026-06-13T12:06:15.342] [DEBUG] [wit-ble-direct] [PACKET_MATCH] 0x71/0x34 register-read format decoded → sending motion
[2026-06-13T12:06:15.459] [DEBUG] [wit-ble-direct] [PACKET_TYPE] header=0x55 0x6F len=46 b2=0x05
[2026-06-13T12:06:15.489] [DEBUG] [wit-ble-direct] [PACKET_TYPE] header=0x55 0x71 len=20 b2=0x34
[2026-06-13T12:06:15.489] [DEBUG] [wit-ble-direct] [HEX_DUMP] raw=55 71 34 00 05 00 29 FF 0F 08 11 00 FD FF E1 FF DE F8 34 11
[2026-06-13T12:06:15.489] [DEBUG] [wit-ble-direct] [PACKET_MATCH] 0x71/0x34 register-read format decoded → sending motion
[2026-06-13T12:06:15.519] [DEBUG] [wit-ble-direct] [PACKET_TYPE] header=0x55 0x71 len=66 b2=0x51
[2026-06-13T12:06:15.520] [INFO] [wit-ble-direct] [DATA_OUT] Roll=0.3° Pitch=-5.7° Hdg=207.2°
[2026-06-13T12:06:15.520] [DEBUG] [wit-ble-direct] [HEX_DUMP] raw=55 71 51 00 3E 7C BE F9 27 01 E9 E1 00 00 00 00 00 00 00 00
[2026-06-13T12:06:15.579] [DEBUG] [wit-ble-direct] [PACKET_TYPE] header=0x55 0x71 len=20 b2=0x34
[2026-06-13T12:06:15.580] [DEBUG] [wit-ble-direct] [HEX_DUMP] raw=55 71 34 00 06 00 29 FF 13 08 0B 00 FA FF E1 FF F9 F8 CB 10
[2026-06-13T12:06:15.580] [DEBUG] [wit-ble-direct] [PACKET_MATCH] 0x71/0x34 register-read format decoded → sending motion
[2026-06-13T12:06:15.669] [DEBUG] [wit-ble-direct] [PACKET_TYPE] header=0x55 0x6F len=66 b2=0x06
[2026-06-13T12:06:15.729] [DEBUG] [wit-ble-direct] [PACKET_TYPE] header=0x55 0x6F len=46 b2=0x09
[2026-06-13T12:06:15.789] [DEBUG] [wit-ble-direct] [PACKET_TYPE] header=0x55 0x71 len=20 b2=0x34
[2026-06-13T12:06:15.789] [DEBUG] [wit-ble-direct] [HEX_DUMP] raw=55 71 34 00 0A 00 27 FF 1B 08 F9 FF EF FF E2 FF DE F8 F6 10
[2026-06-13T12:06:15.789] [DEBUG] [wit-ble-direct] [PACKET_MATCH] 0x71/0x34 register-read format decoded → sending motion
[2026-06-13T12:06:15.849] [DEBUG] [wit-ble-direct] [PACKET_TYPE] header=0x55 0x6F len=66 b2=0x0A
[2026-06-13T12:06:15.939] [DEBUG] [wit-ble-direct] [PACKET_TYPE] header=0x55 0x6F len=46 b2=0x0F
[2026-06-13T12:06:15.969] [DEBUG] [wit-ble-direct] [PACKET_TYPE] header=0x55 0x71 len=20 b2=0x34
[2026-06-13T12:06:15.969] [DEBUG] [wit-ble-direct] [HEX_DUMP] raw=55 71 34 00 11 00 27 FF 1E 08 EF FF E7 FF E4 FF CF F8 2B 11
[2026-06-13T12:06:15.969] [DEBUG] [wit-ble-direct] [PACKET_MATCH] 0x71/0x34 register-read format decoded → sending motion
[2026-06-13T12:06:16.059] [DEBUG] [wit-ble-direct] [PACKET_TYPE] header=0x55 0x6F len=46 b2=0x18
[2026-06-13T12:06:16.089] [DEBUG] [wit-ble-direct] [PACKET_TYPE] header=0x55 0x71 len=20 b2=0x34
[2026-06-13T12:06:16.089] [DEBUG] [wit-ble-direct] [HEX_DUMP] raw=55 71 34 00 1A 00 28 FF 1E 08 EB FF E3 FF E7 FF 7C F8 39 11
[2026-06-13T12:06:16.089] [DEBUG] [wit-ble-direct] [PACKET_MATCH] 0x71/0x34 register-read format decoded → sending motion
[2026-06-13T12:06:16.148] [DEBUG] [wit-ble-direct] [PACKET_TYPE] header=0x55 0x6F len=46 b2=0x21
[2026-06-13T12:06:16.179] [DEBUG] [wit-ble-direct] [PACKET_TYPE] header=0x55 0x71 len=20 b2=0x34
[2026-06-13T12:06:16.179] [DEBUG] [wit-ble-direct] [HEX_DUMP] raw=55 71 34 00 22 00 25 FF 1C 08 EA FF E3 FF E8 FF A8 F8 82 11
[2026-06-13T12:06:16.179] [DEBUG] [wit-ble-direct] [PACKET_MATCH] 0x71/0x34 register-read format decoded → sending motion
[2026-06-13T12:06:16.209] [DEBUG] [wit-ble-direct] [PACKET_TYPE] header=0x55 0x71 len=20 b2=0x3A
[2026-06-13T12:06:16.209] [DEBUG] [wit-ble-direct] [HEX_DUMP] raw=55 71 3A 00 DB F8 94 11 E3 DD BC FB 2C FF 58 EC C0 0A 00 00
[2026-06-13T12:06:16.268] [DEBUG] [wit-ble-direct] [PACKET_TYPE] header=0x55 0x6F len=46 b2=0x27
[2026-06-13T12:06:16.299] [DEBUG] [wit-ble-direct] [PACKET_TYPE] header=0x55 0x71 len=20 b2=0x34
[2026-06-13T12:06:16.299] [DEBUG] [wit-ble-direct] [HEX_DUMP] raw=55 71 34 00 2B 00 26 FF 19 08 EB FF E4 FF EB FF BA F8 B2 11
[2026-06-13T12:06:16.299] [DEBUG] [wit-ble-direct] [PACKET_MATCH] 0x71/0x34 register-read format decoded → sending motion
[2026-06-13T12:06:16.329] [DEBUG] [wit-ble-direct] [PACKET_TYPE] header=0x55 0x6F len=46 b2=0x2D
[2026-06-13T12:06:16.448] [DEBUG] [wit-ble-direct] [PACKET_TYPE] header=0x55 0x6F len=46 b2=0x33
[2026-06-13T12:06:16.508] [DEBUG] [wit-ble-direct] [PACKET_TYPE] header=0x55 0x71 len=20 b2=0x34
[2026-06-13T12:06:16.509] [DEBUG] [wit-ble-direct] [HEX_DUMP] raw=55 71 34 00 34 00 26 FF 0F 08 EF FF EA FF ED FF 74 F8 EB 11
[2026-06-13T12:06:16.509] [DEBUG] [wit-ble-direct] [PACKET_MATCH] 0x71/0x34 register-read format decoded → sending motion
[2026-06-13T12:06:16.539] [DEBUG] [wit-ble-direct] [PACKET_TYPE] header=0x55 0x71 len=86 b2=0x51
[2026-06-13T12:06:16.540] [INFO] [wit-ble-direct] [DATA_OUT] Roll=1.4° Pitch=-6.3° Hdg=206.3°
[2026-06-13T12:06:16.540] [DEBUG] [wit-ble-direct] [HEX_DUMP] raw=55 71 51 00 6A 7C D9 F8 15 00 CF E2 00 00 00 00 00 00 00 00
[2026-06-13T12:06:16.659] [DEBUG] [wit-ble-direct] [PACKET_TYPE] header=0x55 0x6F len=46 b2=0x38
[2026-06-13T12:06:16.689] [DEBUG] [wit-ble-direct] [PACKET_TYPE] header=0x55 0x71 len=20 b2=0x34
[2026-06-13T12:06:16.689] [DEBUG] [wit-ble-direct] [HEX_DUMP] raw=55 71 34 00 37 00 26 FF 00 08 FB FF F5 FF EC FF 55 F8 E2 11
[2026-06-13T12:06:16.689] [DEBUG] [wit-ble-direct] [PACKET_MATCH] 0x71/0x34 register-read format decoded → sending motion
[2026-06-13T12:06:16.749] [DEBUG] [wit-ble-direct] [PACKET_TYPE] header=0x55 0x6F len=66 b2=0x38
[2026-06-13T12:06:16.868] [DEBUG] [wit-ble-direct] [PACKET_TYPE] header=0x55 0x6F len=46 b2=0x39
[2026-06-13T12:06:16.899] [DEBUG] [wit-ble-direct] [PACKET_TYPE] header=0x55 0x71 len=20 b2=0x34
[2026-06-13T12:06:16.899] [DEBUG] [wit-ble-direct] [HEX_DUMP] raw=55 71 34 00 3A 00 26 FF F0 07 0A 00 00 00 EC FF 59 F8 E4 11
[2026-06-13T12:06:16.899] [DEBUG] [wit-ble-direct] [PACKET_MATCH] 0x71/0x34 register-read format decoded → sending motion
[2026-06-13T12:06:16.929] [DEBUG] [wit-ble-direct] [PACKET_TYPE] header=0x55 0x6F len=46 b2=0x38
[2026-06-13T12:06:16.989] [DEBUG] [wit-ble-direct] [PACKET_TYPE] header=0x55 0x71 len=20 b2=0x34
[2026-06-13T12:06:16.989] [DEBUG] [wit-ble-direct] [HEX_DUMP] raw=55 71 34 00 37 00 27 FF EE 07 0E 00 03 00 EB FF 3D F8 00 12
[2026-06-13T12:06:16.989] [DEBUG] [wit-ble-direct] [PACKET_MATCH] 0x71/0x34 register-read format decoded → sending motion
[2026-06-13T12:06:17.079] [DEBUG] [wit-ble-direct] [PACKET_TYPE] header=0x55 0x6F len=46 b2=0x35
[2026-06-13T12:06:17.112] [DEBUG] [wit-ble-direct] [PACKET_TYPE] header=0x55 0x71 len=20 b2=0x34
[2026-06-13T12:06:17.112] [DEBUG] [wit-ble-direct] [HEX_DUMP] raw=55 71 34 00 33 00 25 FF EC 07 16 00 0A 00 EB FF 37 F8 52 11
[2026-06-13T12:06:17.113] [DEBUG] [wit-ble-direct] [PACKET_MATCH] 0x71/0x34 register-read format decoded → sending motion
[2026-06-13T12:06:17.139] [DEBUG] [wit-ble-direct] [PACKET_TYPE] header=0x55 0x6F len=46 b2=0x2F
[2026-06-13T12:06:17.199] [DEBUG] [wit-ble-direct] [PACKET_TYPE] header=0x55 0x71 len=40 b2=0x51
[2026-06-13T12:06:17.200] [INFO] [wit-ble-direct] [DATA_OUT] Roll=1.5° Pitch=-5.9° Hdg=206.4°
[2026-06-13T12:06:17.200] [DEBUG] [wit-ble-direct] [HEX_DUMP] raw=55 71 51 00 68 7C 2A F9 E2 FF B2 E2 00 00 00 00 00 00 00 00
[2026-06-13T12:06:17.259] [DEBUG] [wit-ble-direct] [PACKET_TYPE] header=0x55 0x6F len=46 b2=0x2A
[2026-06-13T12:06:17.320] [DEBUG] [wit-ble-direct] [PACKET_TYPE] header=0x55 0x71 len=60 b2=0x51
[2026-06-13T12:06:17.321] [INFO] [wit-ble-direct] [DATA_OUT] Roll=1.4° Pitch=-5.9° Hdg=206.4°
[2026-06-13T12:06:17.321] [DEBUG] [wit-ble-direct] [HEX_DUMP] raw=55 71 51 00 6A 7C 44 F9 00 00 B3 E2 00 00 00 00 00 00 00 00
[2026-06-13T12:06:17.349] [DEBUG] [wit-ble-direct] [PACKET_TYPE] header=0x55 0x6F len=46 b2=0x23
[2026-06-13T12:06:17.439] [DEBUG] [wit-ble-direct] [PACKET_TYPE] header=0x55 0x71 len=20 b2=0x34
[2026-06-13T12:06:17.439] [DEBUG] [wit-ble-direct] [HEX_DUMP] raw=55 71 34 00 1F 00 27 FF FB 07 16 00 16 00 E7 FF 76 F8 9E 11
[2026-06-13T12:06:17.439] [DEBUG] [wit-ble-direct] [PACKET_MATCH] 0x71/0x34 register-read format decoded → sending motion
[2026-06-13T12:06:17.469] [DEBUG] [wit-ble-direct] [PACKET_TYPE] header=0x55 0x6F len=46 b2=0x19
[2026-06-13T12:06:17.559] [DEBUG] [wit-ble-direct] [PACKET_TYPE] header=0x55 0x71 len=66 b2=0x51
[2026-06-13T12:06:17.560] [INFO] [wit-ble-direct] [DATA_OUT] Roll=1.0° Pitch=-5.8° Hdg=206.7°
[2026-06-13T12:06:17.561] [DEBUG] [wit-ble-direct] [HEX_DUMP] raw=55 71 51 00 5D 7C 72 F9 6E 00 73 E2 00 00 00 00 00 00 00 00
[2026-06-13T12:06:17.588] [DEBUG] [wit-ble-direct] [PACKET_TYPE] header=0x55 0x71 len=20 b2=0x34
[2026-06-13T12:06:17.589] [DEBUG] [wit-ble-direct] [HEX_DUMP] raw=55 71 34 00 12 00 29 FF 08 08 0D 00 16 00 E3 FF 70 F8 62 11
[2026-06-13T12:06:17.589] [DEBUG] [wit-ble-direct] [PACKET_MATCH] 0x71/0x34 register-read format decoded → sending motion
[2026-06-13T12:06:17.619] [DEBUG] [wit-ble-direct] [PACKET_TYPE] header=0x55 0x71 len=20 b2=0x51
[2026-06-13T12:06:17.619] [INFO] [wit-ble-direct] [DATA_OUT] Roll=0.8° Pitch=-5.8° Hdg=206.9°
[2026-06-13T12:06:17.620] [DEBUG] [wit-ble-direct] [HEX_DUMP] raw=55 71 51 00 4E 7C 7B F9 A0 00 36 E2 00 00 00 00 00 00 00 00
[2026-06-13T12:06:17.679] [DEBUG] [wit-ble-direct] [PACKET_TYPE] header=0x55 0x71 len=66 b2=0x34
[2026-06-13T12:06:17.679] [DEBUG] [wit-ble-direct] [HEX_DUMP] raw=55 71 34 00 11 00 29 FF 0B 08 09 00 15 00 E2 FF 9C F8 77 11
[2026-06-13T12:06:17.679] [DEBUG] [wit-ble-direct] [PACKET_MATCH] 0x71/0x34 register-read format decoded → sending motion
[2026-06-13T12:06:17.739] [DEBUG] [wit-ble-direct] [PACKET_TYPE] header=0x55 0x71 len=66 b2=0x34
[2026-06-13T12:06:17.739] [DEBUG] [wit-ble-direct] [HEX_DUMP] raw=55 71 34 00 0D 00 28 FF 0E 08 04 00 14 00 E2 FF AE F8 23 11
[2026-06-13T12:06:17.740] [DEBUG] [wit-ble-direct] [PACKET_MATCH] 0x71/0x34 register-read format decoded → sending motion
[2026-06-13T12:06:17.859] [DEBUG] [wit-ble-direct] [PACKET_TYPE] header=0x55 0x6F len=46 b2=0x0A
[2026-06-13T12:06:17.919] [DEBUG] [wit-ble-direct] [PACKET_TYPE] header=0x55 0x71 len=20 b2=0x34
[2026-06-13T12:06:17.919] [DEBUG] [wit-ble-direct] [HEX_DUMP] raw=55 71 34 00 0A 00 27 FF 10 08 FD FF 0D 00 E1 FF CC F8 0C 11
[2026-06-13T12:06:17.920] [DEBUG] [wit-ble-direct] [PACKET_MATCH] 0x71/0x34 register-read format decoded → sending motion
