=== CALYPSO SESSION SUMMARY ===

--- CONNECT (8 events) ---
 2026-05-30T18:01:16
 2026-05-30T23:22:55
 2026-05-30T23:46:03
 2026-05-31T12:29:27
 2026-05-31T12:48:57
 2026-05-31T13:02:02
 2026-05-31T13:09:09
 2026-05-31T13:11:46

--- DISCONNECT (20 events) ---
 2026-05-31T00:05:31
 
 2026-05-31T12:48:18
 2026-05-31T13:01:36
 2026-05-31T13:08:33
 2026-05-31T13:10:47
 2026-05-31T13:14:17
 
 
 

--- WATCHDOG (0 events) ---

--- L1_FAIL (682 events) ---
 2026-05-31T12:28:15
 2026-05-31T13:01:38
 2026-05-31T13:08:36
 2026-05-31T13:14:32
 2026-05-31T13:14:50
 2026-05-31T13:15:49
 2026-05-31T13:16:47
 2026-05-31T13:17:58
 2026-05-31T13:19:21
 2026-05-31T13:21:12

--- L2_EXIT (3 events) ---
 2026-05-29T18:17:05
 2026-05-29T18:57:43
 2026-05-30T11:49:01

--- DATA_FIRST (8 events) ---
 2026-05-30T18:01:20
 2026-05-30T23:22:57
 2026-05-30T23:46:07
 2026-05-31T12:29:31
 2026-05-31T12:49:08
 2026-05-31T13:02:07
 2026-05-31T13:09:14
 2026-05-31T13:11:54

--- STARTUP (1148 events) ---
 2026-05-31T13:01:39
 2026-05-31T13:01:39
 2026-05-31T13:01:39
 2026-05-31T13:01:39
 2026-05-31T13:08:36
 2026-05-31T13:08:36
 2026-05-31T13:08:36
 2026-05-31T13:08:36
 2026-05-31T13:08:36
 2026-05-31T13:08:37

