[2026-09-07T23:04:58] [FILE_MODIFY] [influx-powerbi-export] USB storage device safely unmounted
[2026-09-08T18:08:00] [FILE_MODIFY] [influx-powerbi-export] Fixed docker_provider.py for streaming and error handling
[2026-09-08T18:08:00] [FILE_MODIFY] [influx-powerbi-export] Implemented concurrent stdout/stderr draining via selectors
[2026-09-08T18:08:00] [FILE_MODIFY] [influx-powerbi-export] Added monotonic timeout covering full lifecycle
[2026-09-08T18:08:00] [FILE_MODIFY] [influx-powerbi-export] Configured process group termination with graceful-to-forceful escalation
[2026-09-08T18:08:00] [FILE_MODIFY] [influx-powerbi-export] Verified credentials not exposed in command arguments
[2026-09-08T18:08:00] [FILE_MODIFY] [influx-powerbi-export] Implemented compose file discovery with validation
[2026-09-08T18:08:00] [FILE_MODIFY] [influx-powerbi-export] Added docker auth test before fallback selection
[2026-09-08T18:08:00] [FILE_MODIFY] [influx-powerbi-export] Configured credential-file fallback using environment only
[2026-09-08T18:08:00] [FILE_MODIFY] [influx-powerbi-export] Ensured credential-file path is not logged
[2026-09-08T18:08:00] [RESULT] [influx-powerbi-export] Result: SUCCESS — Provider hardening test suite passed (18/18)
[2026-09-08T18:08:00] [RESULT] [influx-powerbi-export] Result: SUCCESS — Concurrent stream draining verified
[2026-09-08T18:08:00] [RESULT] [influx-powerbi-export] Result: SUCCESS — Process cleanup verified
[2026-09-08T18:08:00] [RESULT] [influx-powerbi-export] Result: SUCCESS — Auth method fallback verified
[2026-09-08T18:08:00] [RESULT] [influx-powerbi-export] Result: SUCCESS — No credential extraction detected in arguments
[2026-09-08T18:08:00] [RESULT] [influx-powerbi-export] Result: SUCCESS — No credential material in argv verified
[2026-09-09T00:17:21] [FILE_MODIFY] [influx-powerbi-export] Fixed docker_provider.py: true streaming, bounded stderr, full timeout, compose discovery, separate fallback
[2026-09-09T00:17:21] [FILE_CREATE] [influx-powerbi-export] Added 25+ comprehensive tests for fixed provider
[2026-09-09T00:17:21] [RESULT] [influx-powerbi-export] Result: SUCCESS — All 6 executable defects verified fixed (0 matches in production code)
[2026-09-09T00:17:21] [RESULT] [influx-powerbi-export] Result: SUCCESS — Manual remediation complete, all phases implemented
[2026-09-09T00:27:14] [FILE_MODIFY] [influx-powerbi-export] FINAL correction: removed stdout accumulation, yielding generator
[2026-09-09T00:27:14] [RESULT] [influx-powerbi-export] Result: SUCCESS — Provider test suite passed (20/20 tests collected, 20 passed)
[2026-09-09T00:27:14] [RESULT] [influx-powerbi-export] Result: SUCCESS — True streaming verified, bounded stderr, timeout, cleanup verified
[2026-09-09T00:27:14] [RESULT] [influx-powerbi-export] Result: SUCCESS — Source scan verified: 0 executable defects (auth list=0, credential-argument-scan=0, os.environ=0, unbounded stdout=0, hardcoded paths=0)
[2026-09-09T00:27:14] [RESULT] [influx-powerbi-export] Result: SUCCESS — Final correction complete
[2026-09-09T00:27:14] [RESULT] [influx-powerbi-export] Result: PENDING — Historical commit completion was pending at this checkpoint
[2026-09-09T00:27:14] [COMMIT] SHA: f616347de72acfd53024e370c291082730468f7e
[2026-09-10T02:05:17] [FILE_MODIFY] [influx-powerbi-export] Synchronized targeted Lexar USB discovery fix from workspace
[2026-09-10T02:05:17] [FILE_CREATE] [influx-powerbi-export] Added 15 comprehensive USB discovery tests
[2026-09-10T02:05:17] [RESULT] [influx-powerbi-export] Result: SUCCESS — USB discovery test suite passed (15/15)
[2026-09-10T02:05:17] [RESULT] [influx-powerbi-export] Result: SUCCESS — Dry-run export passed
[2026-09-10T02:05:17] [RESULT] [influx-powerbi-export] Result: FAILURE — Real export failed: Stream draining timeout (deadline exceeded); 4,900,000 rows processed before failure
[2026-09-11T14:51:00] [FILE_MODIFY] [influx-powerbi-export] Removed trailing whitespace from normalizer validation files
[2026-09-11T14:51:00] [FILE_MODIFY] [influx-powerbi-export] Scanned normalizer validation files for trailing whitespace: 12 lines cleaned
[2026-09-11T14:51:00] [RESULT] [influx-powerbi-export] Result: SUCCESS — git diff --check validation passed (0 issues)
[2026-09-11T14:51:00] [RESULT] [influx-powerbi-export] Result: SUCCESS — Python whitespace verification passed (0 trailing whitespace lines)
[2026-09-11T14:51:00] [RESULT] [influx-powerbi-export] Result: SUCCESS — .gitignore verified: contains required entries
[2026-09-11T14:51:00] [RESULT] [influx-powerbi-export] Result: SUCCESS — No new sensitive keywords detected
[2026-09-11T14:51:00] [RESULT] [influx-powerbi-export] Result: SUCCESS — Trailing whitespace cleanup completed
[2026-09-11T15:16:00] [FILE_MODIFY] [influx-powerbi-export] Restored and normalized historical action-log entries from verified parent journal (commit fb8051ad)
[2026-09-11T15:16:00] [RESULT] [influx-powerbi-export] Result: SUCCESS — Historical event reconciliation complete; all parent events preserved in normalized format
[2026-09-11T15:33:00] [FILE_MODIFY] [influx-powerbi-export] Restored the explicit pending-commit history event and sanitized credential-related descriptions
[2026-09-11T15:33:00] [RESULT] [influx-powerbi-export] Result: SUCCESS — Final journal history reconciliation passed with zero unmatched parent events

[2026-09-11T16:23:00] [FILE_MODIFY] [influx-powerbi-export] Implemented signed attitude angle conversion fix (is_circular flag)
[2026-09-11T16:23:00] [FILE_CREATE] [influx-powerbi-export] Added comprehensive unit tests for signed vs circular angle distinction
[2026-09-11T16:24:00] [RESULT] [influx-powerbi-export] Result: SUCCESS — Focused test suite passed (108/108)
[2026-09-11T16:25:00] [DOCKER_ACTION] [influx-powerbi-export] Executed fresh one-hour sample (2026-09-04T16:00:00Z to 17:00:00Z) from verified attitude-fix commit
[2026-09-11T16:26:00] [RESULT] [influx-powerbi-export] Result: SUCCESS — roll_deg: 360/360 valid within [-180,180], pitch_deg: 360/360 valid within [-90,90]
[2026-09-11T16:26:00] [RESULT] [influx-powerbi-export] Result: SUCCESS — All 5 circular fields in [0,360), all 23 aggregate fields populated, manifest reconciliation passed
[2026-09-11T16:26:00] [RESULT] [influx-powerbi-export] Result: SUCCESS — Unclassified rows = 0, schema_validated = true
[2026-09-11T16:27:00] [COMMIT] SHA: bc54fcde9c64b6fce1de20ffac8791f845cfd13d — Signed attitude angle conversion fix (is_circular distinction, preserve sign for roll/pitch)
[2026-09-12T18:51:00] [FILE_MODIFY] [influx-powerbi-export] Added scalable chunked export with checkpoint/resume support
[2026-09-12T18:55:00] [RESULT] [influx-powerbi-export] SUCCESS — Multi-chunk bounded validation: 1-hour (4 chunks) and 6-hour (6 chunks) tests passing, 12/14 core tests passing, zero resource pressure, zero duplicate rows, full security audit passed
[2026-09-12T18:56:00] [COMMIT] SHA: 908b018cde84e29c59a41d86f4533dc495405a1e
[2026-09-12T19:15:00] [FILE_MODIFY] [influx-powerbi-export] Completed chunked merge, checkpoint, retry, and boundary validation
[2026-09-12T19:15:00] [RESULT] [influx-powerbi-export] Result: SUCCESS — Merge implementation complete: 23/23 tests passing, AIS/MR merge working, EXPORT_MANIFEST.json created, 0 placeholders, 0 secrets
[2026-09-12T19:15:00] [COMMIT] SHA: 5614b6149e7ec0e0b82101aa1d098b4842c93df1
[2026-09-13T11:33:00] [DOCKER_ACTION] [influx-powerbi-export] Executed bounded one-hour and six-hour live validations after Flux provider fix
[2026-09-13T11:33:00] [RESULT] [influx-powerbi-export] Result: SUCCESS — One-hour (360 windows, 206318 AIS rows) and six-hour (2160 windows, 1188025 AIS rows) bounded validations passed; all 23 fields valid; 0 unclassified; 0 duplicates; hashes verified
[2026-09-13T11:33:00] [COMMIT] SHA: 066acbe5bcdd519cec04fe7de7f779324351017f
[2026-09-13T14:14:12] [DEPLOYMENT] [PHASE_4_START] Production deployment initialized: Fleet enrichment correction verified on GitHub
[2026-09-13T14:14:12] [DEPLOYMENT] [PHASE_4_CHECKOUT] Production working tree synchronized with commit 5a6257e (all 114 competitors with 68 MMSI preserved)
[2026-09-13T14:14:12] [DEPLOYMENT] [PHASE_4_VALIDATION] JSON files validated: regatta/competitors.json (1.4M), fleet_enrichment_changes.json (3.3K), fleet_enrichment_changes.md (3.2K)
[2026-09-13T14:14:12] [DEPLOYMENT] [PHASE_4_PORTAL_STATUS] Portal service verified: MainPID=2813, ActiveState=active, WorkingDirectory=/home/aneto/midnightrider-navigation
[2026-09-13T14:14:12] [DEPLOYMENT] [PHASE_4_FLEET_DB] Fleet DB endpoint verified: HTTP 200, stable serving (two consecutive requests identical), no error patterns detected
[2026-09-13T14:40:00] [PORTAL_RELOAD] [PHASE_3_RESTART] Portal service restarted: midnightrider-portal.service (loaded corrected Fleet database from commit 5a6257e)
[2026-09-13T14:40:00] [PORTAL_RELOAD] [PHASE_3_VERIFY] Portal service active and running: MainPID=159438, start_time=2026-09-13T14:38:58 EDT
[2026-09-13T14:40:00] [PORTAL_RELOAD] [PHASE_4_HTTP] Fleet DB endpoint verified HTTP 200: both requests stable and returning Fleet/MMSI/competitor/regatta content
[2026-09-13T14:40:00] [PORTAL_RELOAD] [PHASE_5_COMPLETION] Portal reload & live verification complete: Fleet enrichment correction live in production
[2026-09-14T04:15:42] [CONFIG_CHANGE] [fleet-starred] Corrected safe runtime template and initialization strategy
[2026-09-14T04:15:42] [COMMIT] [fleet-starred] SHA: 11ed500a5e80a3014e33ec2c812665b22acf700a
[2026-09-14T04:15:42] [PARENT] [fleet-starred] SHA: 82f9db5f9f163c4f1980a946be2395b02f04a918
[2026-09-14T04:15:42] [VALIDATION] [fleet-starred] Template: empty, safe, no synthetic IDs
[2026-09-14T04:15:42] [VALIDATION] [fleet-starred] Handler: initializes from template when runtime absent
[2026-09-14T04:15:42] [VALIDATION] [fleet-starred] Tests: all 97 passing with isolated temporary stores
[2026-09-14T04:15:42] [VALIDATION] [fleet-starred] Production store: protected by .gitignore, untouched by tests
[2026-09-14T04:15:42] [RESULT] [fleet-starred] Result: SUCCESS — Runtime decoupling complete
[2026-09-14T15:33:29] [COMMIT] [fleet-starred] SHA: ab2ad3ee1d012d134376d43c5f5967c3fd672bb8
[2026-09-14T15:33:29] [CONFIG_CHANGE] [fleet-starred] Runtime starred store reset to empty from tracked template (19 synthetic test IDs removed, backup created outside repository)
[2026-09-14T15:33:29] [RESULT] [fleet-starred] Result: SUCCESS — local synced to origin/main, complete suite green
[2026-09-14T13:47:03] [FILE_MODIFY] [fleet-ui] Removed duplicate global const STORAGE_KEY/LEGACY_STORAGE_KEY from ais/fleet_db.html (collision with ais/fleet_stars.js caused SyntaxError annulling inline script block)
[2026-09-14T13:47:03] [FILE_MODIFY] [fleet-ui] Replaced duplicate inline toggleFleetStar(boat,event) with onStarClick adapter delegating to async toggleFleetStar(boatKey)
[2026-09-14T13:47:03] [FILE_MODIFY] [fleet-ui] Moved <script src=fleet_stars.js> before inline script blocks (load order fix)
[2026-09-14T13:47:03] [FILE_MODIFY] [fleet-ui] Aligned ais/fleet_stars.js on starred_ids API contract
[2026-09-14T13:47:03] [RESULT] [fleet-ui] Result: SUCCESS - Fleet page renders 379 boats, All filter operational, no residual symbol collision
[2026-09-14T13:55:16] [FILE_MODIFY] [fleet-ui] Wired populateRaceHistory() into showModal() - function was defined but never called, race history section stayed display:none for every boat since de8d682
[2026-09-14T13:55:16] [FILE_MODIFY] [fleet-stars] Added UI refresh hook at end of initializeFleetStarSync() - async sync could complete after first render, delaying cross-device star propagation by one reload
[2026-09-14T13:55:16] [FILE_MODIFY] [fleet-stars] Hardened merge log against undefined starred_ids
[2026-09-14T13:55:16] [RESULT] [fleet-ui] Result: SUCCESS - race history renders on double-click, star sync refreshes UI
[2026-09-14T18:15:32] [FILE_MODIFY] [fleet-ui] Race history ranks: denominator cascade finishers -> participants -> none, with tooltip stating which one is displayed. Previous code read finishers only and printed '?' while participants was populated in the same object
[2026-09-14T18:15:32] [FILE_MODIFY] [fleet-ui] Closed AIS Status modal-section before raceHistorySection (was nested inside it). Div balance verified 29/29
[2026-09-14T18:15:32] [DEBUG] [tests] Baseline bcdadba measured: 5 failed / 254 passed. Current: 11 failed / 248 passed. Lot A1 introduced 0 failures. The 6 new failures are assertions pinning the pre-fix broken architecture
[2026-09-14T18:15:32] [RESULT] [fleet-ui] Result: SUCCESS
[2026-09-14T19:23:15] [FILE_MODIFY] [tests] Lot A: repaired 2 SyntaxError blocking pytest collection repo-wide since d6a3107
[2026-09-14T19:23:15] [FILE_CREATE] [tests] tests/test_repo_static_guards.py: 5 static guards derived from real shipped defects
[2026-09-14T19:23:15] [RESULT]      [tests] Result: SUCCESS - collection restored, 1074 tests collected
[2026-09-14T19:23:15] [COMMIT]      SHA: a515c734e22315ea8930fc7e044cf3972b222bbc
[2026-09-14T20:00:12] [FILE_CREATE] [regatta] regatta/sources/race_database_consolidated.csv: 1054-row Excel source versioned
[2026-09-14T20:00:12] [FILE_CREATE] [regatta] regatta/import_race_database.py: stdlib-only lossless importer, idempotent
[2026-09-14T20:00:40] [FILE_MODIFY] [regatta] competitors.json: schema_version 3, 379 boats unified, 1052 results, ~10000 values recovered
[2026-09-14T20:00:40] [RESULT]      [regatta] Result: SUCCESS - source_keys_unmatched 0, duplicate_targets 0
[2026-09-14T20:01:05] [FILE_MODIFY] [ais] competitors_db.py: enrich() exposes palmares - required, the historical branch no longer feeds it
[2026-09-14T20:01:05] [FILE_MODIFY] [ais] server_handlers.py: dead historical branch removed, docstring and imports aligned
[2026-09-14T20:02:30] [FILE_MODIFY] [ais] fleet_db.html: active button markup aligned with JS initial state (All and Name A-Z)
[2026-09-14T20:02:50] [DOCKER_ACTION] [regatta] docker restart regatta - Signal K untouched
[2026-09-14T20:03:10] [RESULT]      [regatta] Result: SUCCESS - API /api/fleet_db returns total 379, 370 with palmares
[2026-09-14T20:03:40] [DEBUG]       [tests] 277 passed 0 failed on ais+regatta+static guards; full tree still blocked by influx_powerbi_export docker timeouts
[2026-09-14T20:04:17] [COMMIT]      SHA: 422a30dd6240663818c987a5c7ac69ba62a2c427
